Microsoft Windows [Versión 10.0.19045.4291]
(c) Microsoft Corporation. Todos los derechos reservados.

C:\Users\SIXTO\Documents\CLASE PROGRAMACION VIRTUAL\TEMA 2 - TRABAJANDO CON GIT\2.6 Configuración inicial de Git, creación de un repositorio, control de versiones\2 LABORATORIO 6\SOLUCION LABORATORIO 6>git init
Initialized empty Git repository in C:/Users/SIXTO/Documents/CLASE PROGRAMACION VIRTUAL/TEMA 2 - TRABAJANDO CON GIT/2.6 Configuración inicial de Git, creación de un repositorio, control de versiones/2 LABORATORIO 6/SOLUCION LABORATORIO 6/.git/

C:\Users\SIXTO\Documents\CLASE PROGRAMACION VIRTUAL\TEMA 2 - TRABAJANDO CON GIT\2.6 Configuración inicial de Git, creación de un repositorio, control de versiones\2 LABORATORIO 6\SOLUCION LABORATORIO 6>git status
On branch master

No commits yet

Untracked files:
  (use "git add <file>..." to include in what will be committed)
        index.html

nothing added to commit but untracked files present (use "git add" to track)

C:\Users\SIXTO\Documents\CLASE PROGRAMACION VIRTUAL\TEMA 2 - TRABAJANDO CON GIT\2.6 Configuración inicial de Git, creación de un repositorio, control de versiones\2 LABORATORIO 6\SOLUCION LABORATORIO 6>git add index.html

C:\Users\SIXTO\Documents\CLASE PROGRAMACION VIRTUAL\TEMA 2 - TRABAJANDO CON GIT\2.6 Configuración inicial de Git, creación de un repositorio, control de versiones\2 LABORATORIO 6\SOLUCION LABORATORIO 6>git status
On branch master

No commits yet

Changes to be committed:
  (use "git rm --cached <file>..." to unstage)
        new file:   index.html


C:\Users\SIXTO\Documents\CLASE PROGRAMACION VIRTUAL\TEMA 2 - TRABAJANDO CON GIT\2.6 Configuración inicial de Git, creación de un repositorio, control de versiones\2 LABORATORIO 6\SOLUCION LABORATORIO 6>git commit -m "Version con index.html y titulo primario"
[master (root-commit) 3a0d95a] Version con index.html y titulo primario
 1 file changed, 12 insertions(+)
 create mode 100644 index.html

C:\Users\SIXTO\Documents\CLASE PROGRAMACION VIRTUAL\TEMA 2 - TRABAJANDO CON GIT\2.6 Configuración inicial de Git, creación de un repositorio, control de versiones\2 LABORATORIO 6\SOLUCION LABORATORIO 6>git branch rama-version-3

C:\Users\SIXTO\Documents\CLASE PROGRAMACION VIRTUAL\TEMA 2 - TRABAJANDO CON GIT\2.6 Configuración inicial de Git, creación de un repositorio, control de versiones\2 LABORATORIO 6\SOLUCION LABORATORIO 6>git status
On branch master
nothing to commit, working tree clean

C:\Users\SIXTO\Documents\CLASE PROGRAMACION VIRTUAL\TEMA 2 - TRABAJANDO CON GIT\2.6 Configuración inicial de Git, creación de un repositorio, control de versiones\2 LABORATORIO 6\SOLUCION LABORATORIO 6>git branch
* master
  rama-version-3

C:\Users\SIXTO\Documents\CLASE PROGRAMACION VIRTUAL\TEMA 2 - TRABAJANDO CON GIT\2.6 Configuración inicial de Git, creación de un repositorio, control de versiones\2 LABORATORIO 6\SOLUCION LABORATORIO 6>git checkout rama-version-3
Switched to branch 'rama-version-3'

C:\Users\SIXTO\Documents\CLASE PROGRAMACION VIRTUAL\TEMA 2 - TRABAJANDO CON GIT\2.6 Configuración inicial de Git, creación de un repositorio, control de versiones\2 LABORATORIO 6\SOLUCION LABORATORIO 6>git branch
  master
* rama-version-3

C:\Users\SIXTO\Documents\CLASE PROGRAMACION VIRTUAL\TEMA 2 - TRABAJANDO CON GIT\2.6 Configuración inicial de Git, creación de un repositorio, control de versiones\2 LABORATORIO 6\SOLUCION LABORATORIO 6>git status
On branch rama-version-3
Changes not staged for commit:
  (use "git add <file>..." to update what will be committed)
  (use "git restore <file>..." to discard changes in working directory)
        modified:   index.html

no changes added to commit (use "git add" and/or "git commit -a")

C:\Users\SIXTO\Documents\CLASE PROGRAMACION VIRTUAL\TEMA 2 - TRABAJANDO CON GIT\2.6 Configuración inicial de Git, creación de un repositorio, control de versiones\2 LABORATORIO 6\SOLUCION LABORATORIO 6>git add .

C:\Users\SIXTO\Documents\CLASE PROGRAMACION VIRTUAL\TEMA 2 - TRABAJANDO CON GIT\2.6 Configuración inicial de Git, creación de un repositorio, control de versiones\2 LABORATORIO 6\SOLUCION LABORATORIO 6>git status
On branch rama-version-3
Changes to be committed:
  (use "git restore --staged <file>..." to unstage)
        modified:   index.html


C:\Users\SIXTO\Documents\CLASE PROGRAMACION VIRTUAL\TEMA 2 - TRABAJANDO CON GIT\2.6 Configuración inicial de Git, creación de un repositorio, control de versiones\2 LABORATORIO 6\SOLUCION LABORATORIO 6>git commit -m "Version 3 rama-version-3 incluye titulo h4"
[rama-version-3 773c336] Version 3 rama-version-3 incluye titulo h4
 1 file changed, 2 insertions(+)

C:\Users\SIXTO\Documents\CLASE PROGRAMACION VIRTUAL\TEMA 2 - TRABAJANDO CON GIT\2.6 Configuración inicial de Git, creación de un repositorio, control de versiones\2 LABORATORIO 6\SOLUCION LABORATORIO 6>git log
commit 773c3363582a6bc4cd2a7a71346e410a0130cc91 (HEAD -> rama-version-3)
Author: Sixto Arnulfo Barbosa Vargas <saebv16@gmail.com>
Date:   Mon Nov 18 13:53:06 2024 -0500

    Version 3 rama-version-3 incluye titulo h4

commit 3a0d95a20a39b8256beaddf0e92522f2a2aeb485 (master)
Author: Sixto Arnulfo Barbosa Vargas <saebv16@gmail.com>
Date:   Mon Nov 18 13:09:26 2024 -0500

    Version con index.html y titulo primario

C:\Users\SIXTO\Documents\CLASE PROGRAMACION VIRTUAL\TEMA 2 - TRABAJANDO CON GIT\2.6 Configuración inicial de Git, creación de un repositorio, control de versiones\2 LABORATORIO 6\SOLUCION LABORATORIO 6>git branch
  master
* rama-version-3

C:\Users\SIXTO\Documents\CLASE PROGRAMACION VIRTUAL\TEMA 2 - TRABAJANDO CON GIT\2.6 Configuración inicial de Git, creación de un repositorio, control de versiones\2 LABORATORIO 6\SOLUCION LABORATORIO 6>git checkout master
Switched to branch 'master'

C:\Users\SIXTO\Documents\CLASE PROGRAMACION VIRTUAL\TEMA 2 - TRABAJANDO CON GIT\2.6 Configuración inicial de Git, creación de un repositorio, control de versiones\2 LABORATORIO 6\SOLUCION LABORATORIO 6>git branch
* master
  rama-version-3

C:\Users\SIXTO\Documents\CLASE PROGRAMACION VIRTUAL\TEMA 2 - TRABAJANDO CON GIT\2.6 Configuración inicial de Git, creación de un repositorio, control de versiones\2 LABORATORIO 6\SOLUCION LABORATORIO 6>git marge rama-version-3
git: 'marge' is not a git command. See 'git --help'.

The most similar command is
        merge

C:\Users\SIXTO\Documents\CLASE PROGRAMACION VIRTUAL\TEMA 2 - TRABAJANDO CON GIT\2.6 Configuración inicial de Git, creación de un repositorio, control de versiones\2 LABORATORIO 6\SOLUCION LABORATORIO 6>git merge rama-version-3
Updating 3a0d95a..773c336
Fast-forward
 index.html | 2 ++
 1 file changed, 2 insertions(+)

C:\Users\SIXTO\Documents\CLASE PROGRAMACION VIRTUAL\TEMA 2 - TRABAJANDO CON GIT\2.6 Configuración inicial de Git, creación de un repositorio, control de versiones\2 LABORATORIO 6\SOLUCION LABORATORIO 6>git status
On branch master
nothing to commit, working tree clean

C:\Users\SIXTO\Documents\CLASE PROGRAMACION VIRTUAL\TEMA 2 - TRABAJANDO CON GIT\2.6 Configuración inicial de Git, creación de un repositorio, control de versiones\2 LABORATORIO 6\SOLUCION LABORATORIO 6>git log
commit 773c3363582a6bc4cd2a7a71346e410a0130cc91 (HEAD -> master, rama-version-3)
Author: Sixto Arnulfo Barbosa Vargas <saebv16@gmail.com>
Date:   Mon Nov 18 13:53:06 2024 -0500

    Version 3 rama-version-3 incluye titulo h4

commit 3a0d95a20a39b8256beaddf0e92522f2a2aeb485
Author: Sixto Arnulfo Barbosa Vargas <saebv16@gmail.com>
Date:   Mon Nov 18 13:09:26 2024 -0500

    Version con index.html y titulo primario

C:\Users\SIXTO\Documents\CLASE PROGRAMACION VIRTUAL\TEMA 2 - TRABAJANDO CON GIT\2.6 Configuración inicial de Git, creación de un repositorio, control de versiones\2 LABORATORIO 6\SOLUCION LABORATORIO 6>git remote add origin https://github.com/saebv/talento-tech-lab-6.git

C:\Users\SIXTO\Documents\CLASE PROGRAMACION VIRTUAL\TEMA 2 - TRABAJANDO CON GIT\2.6 Configuración inicial de Git, creación de un repositorio, control de versiones\2 LABORATORIO 6\SOLUCION LABORATORIO 6>git sgit global --list
git: 'sgit' is not a git command. See 'git --help'.

The most similar commands are
        init
        switch

C:\Users\SIXTO\Documents\CLASE PROGRAMACION VIRTUAL\TEMA 2 - TRABAJANDO CON GIT\2.6 Configuración inicial de Git, creación de un repositorio, control de versiones\2 LABORATORIO 6\SOLUCION LABORATORIO 6>git global --list
git: 'global' is not a git command. See 'git --help'.

C:\Users\SIXTO\Documents\CLASE PROGRAMACION VIRTUAL\TEMA 2 - TRABAJANDO CON GIT\2.6 Configuración inicial de Git, creación de un repositorio, control de versiones\2 LABORATORIO 6\SOLUCION LABORATORIO 6>git config --list
diff.astextplain.textconv=astextplain
filter.lfs.clean=git-lfs clean -- %f
filter.lfs.smudge=git-lfs smudge -- %f
filter.lfs.process=git-lfs filter-process
filter.lfs.required=true
http.sslbackend=openssl
http.sslcainfo=C:/Program Files/Git/mingw64/etc/ssl/certs/ca-bundle.crt
core.autocrlf=true
core.fscache=true
core.symlinks=false
pull.rebase=false
credential.helper=manager
credential.https://dev.azure.com.usehttppath=true
init.defaultbranch=master
user.name=Sixto Arnulfo Barbosa Vargas
user.email=saebv16@gmail.com
core.repositoryformatversion=0
core.filemode=false
core.bare=false
core.logallrefupdates=true
core.symlinks=false
core.ignorecase=true
remote.origin.url=https://github.com/saebv/talento-tech-lab-6.git
remote.origin.fetch=+refs/heads/*:refs/remotes/origin/*

C:\Users\SIXTO\Documents\CLASE PROGRAMACION VIRTUAL\TEMA 2 - TRABAJANDO CON GIT\2.6 Configuración inicial de Git, creación de un repositorio, control de versiones\2 LABORATORIO 6\SOLUCION LABORATORIO 6>git push -u origin master
info: please complete authentication in your browser...
Enumerating objects: 6, done.
Counting objects: 100% (6/6), done.
Delta compression using up to 8 threads
Compressing objects: 100% (4/4), done.
Writing objects: 100% (6/6), 774 bytes | 774.00 KiB/s, done.
Total 6 (delta 1), reused 0 (delta 0), pack-reused 0 (from 0)
remote: Resolving deltas: 100% (1/1), done.
To https://github.com/saebv/talento-tech-lab-6.git
 * [new branch]      master -> master
branch 'master' set up to track 'origin/master'.

C:\Users\SIXTO\Documents\CLASE PROGRAMACION VIRTUAL\TEMA 2 - TRABAJANDO CON GIT\2.6 Configuración inicial de Git, creación de un repositorio, control de versiones\2 LABORATORIO 6\SOLUCION LABORATORIO 6>